
   INFO  Running migrations.  

  2024_01_01_000001_create_billing_and_plans_tables  6.42ms FAIL

   Illuminate\Database\QueryException 

  SQLSTATE[42S01]: Base table or view already exists: 1050 Table 'plans' already exists (Connection: mysql, SQL: create table `plans` (`id` bigint unsigned not null auto_increment primary key, `name` varchar(255) not null, `slug` varchar(255) not null, `price` decimal(8, 2) not null default '0', `interval` varchar(255) not null default 'month', `simulations_limit` int not null default '0', `essays_limit` int not null default '0', `features` text null, `is_active` tinyint(1) not null default '1', `max_ai_questions` int not null default '10', `monthly_price` decimal(8, 2) null, `annual_price` decimal(8, 2) null, `discount_percentage` int not null default '0', `created_at` timestamp null, `updated_at` timestamp null) default character set utf8mb4 collate 'utf8mb4_unicode_ci')

  at vendor\laravel\framework\src\Illuminate\Database\Connection.php:825
    821Ôûò                     $this->getName(), $query, $this->prepareBindings($bindings), $e
    822Ôûò                 );
    823Ôûò             }
    824Ôûò 
  Ô×£ 825Ôûò             throw new QueryException(
    826Ôûò                 $this->getName(), $query, $this->prepareBindings($bindings), $e
    827Ôûò             );
    828Ôûò         }
    829Ôûò     }

  1   vendor\laravel\framework\src\Illuminate\Database\Connection.php:571
      PDOException::("SQLSTATE[42S01]: Base table or view already exists: 1050 Table 'plans' already exists")

  2   vendor\laravel\framework\src\Illuminate\Database\Connection.php:571
      PDOStatement::execute()

  3   vendor\laravel\framework\src\Illuminate\Database\Connection.php:812
      Illuminate\Database\Connection::{closure:Illuminate\Database\Connection::statement():560}()

  4   vendor\laravel\framework\src\Illuminate\Database\Connection.php:779
      Illuminate\Database\Connection::runQueryCallback()

  5   vendor\laravel\framework\src\Illuminate\Database\Connection.php:560
      Illuminate\Database\Connection::run()

  6   vendor\laravel\framework\src\Illuminate\Database\Schema\Blueprint.php:118
      Illuminate\Database\Connection::statement()

  7   vendor\laravel\framework\src\Illuminate\Database\Schema\Builder.php:564
      Illuminate\Database\Schema\Blueprint::build()

  8   vendor\laravel\framework\src\Illuminate\Database\Schema\Builder.php:418
      Illuminate\Database\Schema\Builder::build()

  9   vendor\laravel\framework\src\Illuminate\Support\Facades\Facade.php:361
      Illuminate\Database\Schema\Builder::create()

  10  database\migrations\2024_01_01_000001_create_billing_and_plans_tables.php:11
      Illuminate\Support\Facades\Facade::__callStatic()

  11  vendor\laravel\framework\src\Illuminate\Database\Migrations\Migrator.php:507
      Illuminate\Database\Migrations\Migration@anonymous\C:\Users\anton\OneDrive\├ürea de Trabalho\AprovaAI\database\migrations\2024_01_01_000001_create_billing_and_plans_tables.php:7$115::up()

  12  vendor\laravel\framework\src\Illuminate\Database\Migrations\Migrator.php:432
      Illuminate\Database\Migrations\Migrator::runMethod()

  13  vendor\laravel\framework\src\Illuminate\Database\Migrations\Migrator.php:441
      Illuminate\Database\Migrations\Migrator::{closure:Illuminate\Database\Migrations\Migrator::runMigration():428}()

  14  vendor\laravel\framework\src\Illuminate\Database\Migrations\Migrator.php:244
      Illuminate\Database\Migrations\Migrator::runMigration()

  15  vendor\laravel\framework\src\Illuminate\Console\View\Components\Task.php:40
      Illuminate\Database\Migrations\Migrator::{closure:Illuminate\Database\Migrations\Migrator::runUp():244}()

  16  vendor\laravel\framework\src\Illuminate\Database\Migrations\Migrator.php:798
      Illuminate\Console\View\Components\Task::render()

  17  vendor\laravel\framework\src\Illuminate\Database\Migrations\Migrator.php:244
      Illuminate\Database\Migrations\Migrator::write()

  18  vendor\laravel\framework\src\Illuminate\Database\Migrations\Migrator.php:211
      Illuminate\Database\Migrations\Migrator::runUp()

  19  vendor\laravel\framework\src\Illuminate\Database\Migrations\Migrator.php:138
      Illuminate\Database\Migrations\Migrator::runPending()

  20  vendor\laravel\framework\src\Illuminate\Database\Console\Migrations\MigrateCommand.php:117
      Illuminate\Database\Migrations\Migrator::run()

  21  vendor\laravel\framework\src\Illuminate\Database\Migrations\Migrator.php:658
      Illuminate\Database\Console\Migrations\MigrateCommand::{closure:Illuminate\Database\Console\Migrations\MigrateCommand::runMigrations():110}()

  22  vendor\laravel\framework\src\Illuminate\Database\Console\Migrations\MigrateCommand.php:110
      Illuminate\Database\Migrations\Migrator::usingConnection()

  23  vendor\laravel\framework\src\Illuminate\Database\Console\Migrations\MigrateCommand.php:89
      Illuminate\Database\Console\Migrations\MigrateCommand::runMigrations()

  24  vendor\laravel\framework\src\Illuminate\Container\BoundMethod.php:36
      Illuminate\Database\Console\Migrations\MigrateCommand::handle()

  25  vendor\laravel\framework\src\Illuminate\Container\Util.php:43
      Illuminate\Container\BoundMethod::{closure:Illuminate\Container\BoundMethod::call():35}()

  26  vendor\laravel\framework\src\Illuminate\Container\BoundMethod.php:95
      Illuminate\Container\Util::unwrapIfClosure()

  27  vendor\laravel\framework\src\Illuminate\Container\BoundMethod.php:35
      Illuminate\Container\BoundMethod::callBoundMethod()

  28  vendor\laravel\framework\src\Illuminate\Container\Container.php:696
      Illuminate\Container\BoundMethod::call()

  29  vendor\laravel\framework\src\Illuminate\Console\Command.php:213
      Illuminate\Container\Container::call()

  30  vendor\symfony\console\Command\Command.php:341
      Illuminate\Console\Command::execute()

  31  vendor\laravel\framework\src\Illuminate\Console\Command.php:182
      Symfony\Component\Console\Command\Command::run()

  32  vendor\symfony\console\Application.php:1102
      Illuminate\Console\Command::run()

  33  vendor\symfony\console\Application.php:356
      Symfony\Component\Console\Application::doRunCommand()

  34  vendor\symfony\console\Application.php:195
      Symfony\Component\Console\Application::doRun()

  35  vendor\laravel\framework\src\Illuminate\Foundation\Console\Kernel.php:198
      Symfony\Component\Console\Application::run()

  36  vendor\laravel\framework\src\Illuminate\Foundation\Application.php:1235
      Illuminate\Foundation\Console\Kernel::handle()

  37  artisan:16
      Illuminate\Foundation\Application::handleCommand()

